   1               		.file	"spi.c"
   2               	__SREG__ = 0x3f
   3               	__SP_H__ = 0x3e
   4               	__SP_L__ = 0x3d
   5               	__CCP__  = 0x34
   6               	__tmp_reg__ = 0
   7               	__zero_reg__ = 1
  15               	.Ltext0:
  16               	.global	spi_init
  18               	spi_init:
  19               	.LFB5:
  20               	.LM1:
  21               	/* prologue: function */
  22               	/* frame size = 0 */
  23               	.LM2:
  24 0000 84B1      		in r24,36-32
  25 0002 806B      		ori r24,lo8(-80)
  26 0004 84B9      		out 36-32,r24
  27               	.LM3:
  28 0006 80E5      		ldi r24,lo8(80)
  29 0008 8CBD      		out 76-32,r24
  30               	.LM4:
  31 000a 2C9A      		sbi 37-32,4
  32               	/* epilogue start */
  33               	.LM5:
  34 000c 0895      		ret
  35               	.LFE5:
  61               	.Letext0:
DEFINED SYMBOLS
                            *ABS*:00000000 spi.c
C:\DOCUME~1\ADMINI~1\LOCALS~1\Temp/ccV4G4Ib.s:2      *ABS*:0000003f __SREG__
C:\DOCUME~1\ADMINI~1\LOCALS~1\Temp/ccV4G4Ib.s:3      *ABS*:0000003e __SP_H__
C:\DOCUME~1\ADMINI~1\LOCALS~1\Temp/ccV4G4Ib.s:4      *ABS*:0000003d __SP_L__
C:\DOCUME~1\ADMINI~1\LOCALS~1\Temp/ccV4G4Ib.s:5      *ABS*:00000034 __CCP__
C:\DOCUME~1\ADMINI~1\LOCALS~1\Temp/ccV4G4Ib.s:6      *ABS*:00000000 __tmp_reg__
C:\DOCUME~1\ADMINI~1\LOCALS~1\Temp/ccV4G4Ib.s:7      *ABS*:00000001 __zero_reg__
C:\DOCUME~1\ADMINI~1\LOCALS~1\Temp/ccV4G4Ib.s:18     .text:00000000 spi_init

NO UNDEFINED SYMBOLS
