   1               		.file	"test_root.c"
   2               	__SREG__ = 0x3f
   3               	__SP_H__ = 0x3e
   4               	__SP_L__ = 0x3d
   5               	__CCP__  = 0x34
   6               	__tmp_reg__ = 0
   7               	__zero_reg__ = 1
  15               	.Ltext0:
  16               	.global	test_support
  18               	test_support:
  19               	.LFB48:
  20               	.LM1:
  21               	.LVL0:
  22               	/* prologue: function */
  23               	/* frame size = 0 */
  24 0000 8C01      		movw r16,r24
  25               	.LVL1:
  26               	.LM2:
  27 0002 1092 0000 		sts gsem1,__zero_reg__
  28               	.LM3:
  29 0006 1092 0000 		sts gsem2,__zero_reg__
  30 000a 00C0      		rjmp .L3
  31               	.L2:
  32               	.LM4:
  33 000c 80E0      		ldi r24,lo8(gsem2)
  34 000e 90E0      		ldi r25,hi8(gsem2)
  35 0010 60E0      		ldi r22,lo8(0)
  36 0012 0E94 0000 		call chSemResetI
  37               	.LM5:
  38 0016 80E0      		ldi r24,lo8(gtr1)
  39 0018 90E0      		ldi r25,hi8(gtr1)
  40 001a 60E0      		ldi r22,lo8(0)
  41 001c 70E0      		ldi r23,hi8(0)
  42 001e 0E94 0000 		call chThdResumeI
  43               	.LM6:
  44 0022 C801      		movw r24,r16
  45 0024 65E5      		ldi r22,lo8(85)
  46 0026 0E94 0000 		call chEvtSignalI
  47               	.LM7:
  48 002a 0E94 0000 		call chSchRescheduleS
  49               	.LBB6:
  50               	.LBB7:
  51               	.LM8:
  52               	/* #APP */
  53               	 ;  327 ".//os/nil/ports/AVR/nilcore.h" 1
  54 002e 7894      		sei
  55               	 ;  0 "" 2
  56               	/* #NOAPP */
  57               	.LBE7:
  58               	.LBE6:
  59               	.LM9:
  60 0030 68E8      		ldi r22,lo8(5000)
  61 0032 73E1      		ldi r23,hi8(5000)
  62 0034 80E0      		ldi r24,hlo8(5000)
  63 0036 90E0      		ldi r25,hhi8(5000)
  64 0038 0E94 0000 		call chThdSleep
  65               	.L3:
  66               	.LBB8:
  67               	.LBB9:
  68               	.LM10:
  69               	/* #APP */
  70               	 ;  319 ".//os/nil/ports/AVR/nilcore.h" 1
  71 003c F894      		cli
  72               	 ;  0 "" 2
  73               	/* #NOAPP */
  74               	.LBE9:
  75               	.LBE8:
  76               	.LM11:
  77 003e 8091 0000 		lds r24,gsem1
  78 0042 87FF      		sbrs r24,7
  79 0044 00C0      		rjmp .L2
  80               	.LM12:
  81 0046 80E0      		ldi r24,lo8(gsem1)
  82 0048 90E0      		ldi r25,hi8(gsem1)
  83 004a 0E94 0000 		call chSemSignalI
  84 004e 00C0      		rjmp .L2
  85               	.LFE48:
  87               	.global	test_suite
  88               		.data
  91               	test_suite:
  92 0000 0000      		.word	test_sequence_001
  93 0002 0000      		.word	test_sequence_002
  94 0004 0000      		.word	0
  95               		.comm gsem1,1,1
  96               		.comm gsem2,1,1
  97               		.comm gtr1,2,1
  98               		.comm wa_test_support,180,1
 123               	.Letext0:
DEFINED SYMBOLS
                            *ABS*:00000000 test_root.c
C:\DOCUME~1\ADMINI~1\LOCALS~1\Temp/ccbXkrhj.s:2      *ABS*:0000003f __SREG__
C:\DOCUME~1\ADMINI~1\LOCALS~1\Temp/ccbXkrhj.s:3      *ABS*:0000003e __SP_H__
C:\DOCUME~1\ADMINI~1\LOCALS~1\Temp/ccbXkrhj.s:4      *ABS*:0000003d __SP_L__
C:\DOCUME~1\ADMINI~1\LOCALS~1\Temp/ccbXkrhj.s:5      *ABS*:00000034 __CCP__
C:\DOCUME~1\ADMINI~1\LOCALS~1\Temp/ccbXkrhj.s:6      *ABS*:00000000 __tmp_reg__
C:\DOCUME~1\ADMINI~1\LOCALS~1\Temp/ccbXkrhj.s:7      *ABS*:00000001 __zero_reg__
C:\DOCUME~1\ADMINI~1\LOCALS~1\Temp/ccbXkrhj.s:18     .text:00000000 test_support
                            *COM*:00000001 gsem1
                            *COM*:00000001 gsem2
                            *COM*:00000002 gtr1
C:\DOCUME~1\ADMINI~1\LOCALS~1\Temp/ccbXkrhj.s:91     .data:00000000 test_suite
                            *COM*:000000b4 wa_test_support

UNDEFINED SYMBOLS
chSemResetI
chThdResumeI
chEvtSignalI
chSchRescheduleS
chThdSleep
chSemSignalI
test_sequence_001
test_sequence_002
__do_copy_data
__do_clear_bss
